// Vitest Snapshot v1, https://vitest.dev/guide/snapshot.html

exports[`CreateMsa > disables button and shows loading icon when loading 1`] = `
<button
  class="h-[46px] px-f24 rounded-full text-center transition-all text-nowrap hover:bg-primary w-[263px] bg-gray3 text-gray2 cursor-default pointer-events-none"
  disabled=""
>
  <!---->
  <div
    class=" font-bold	 gap-f8 text-normal flex items-center justify-center"
  >
    <!---->
    <!---->
    <!---->
    <svg
      class="h-5 w-5 min-w-5 animate-spin"
      data-testid="loading-icon"
      fill="none"
      viewBox="0 0 24 24"
      xmlns="http://www.w3.org/2000/svg"
    >
      <circle
        class="opacity-25"
        cx="12"
        cy="12"
        r="10"
        stroke="currentColor"
        stroke-width="4"
      />
      <path
        class="opacity-75"
        d="M4 12a8 8 0 018-8V0C5.373 0 0 5.373 0 12h4zm2 5.291A7.962 7.962 0 014 12H0c0 3.042 1.135 5.824 3 7.938l3-2.647z"
        fill="currentColor"
      />
    </svg>
    
    
    
    
  </div>
  
  <!---->
</button>
`;
